<html>
<body>
<pre>
<h1>µVision Build Log</h1>
<h2>Tool Versions:</h2>
IDE-Version: ¦ÌVision V5.41.0.0
Copyright (C) 2024 ARM Ltd and ARM Germany GmbH. All rights reserved.
License Information: 1 1, 1, LIC=NQQMA-10Q20-DYSV3-ACKIY-39TM2-A9GL5
 
Tool Versions:
Toolchain:       MDK-ARM Plus  Version: 5.41.0.0
Toolchain Path:  D:\A__MCU_Creator\Keli\core\ARM\ARMCLANG\Bin
C Compiler:      ArmClang.exe V6.22
Assembler:       Armasm.exe V6.22
Linker/Locator:  ArmLink.exe V6.22
Library Manager: ArmAr.exe V6.22
Hex Converter:   FromElf.exe V6.22
CPU DLL:         SARMCM3.DLL V5.41.0.0
Dialog DLL:      DCM.DLL V1.17.5.0
Target DLL:      Segger\JL2CM3.dll V2.99.45.0
Dialog DLL:      TCM.DLL V1.56.4.0
 
<h2>Project:</h2>
D:\A__MCU_Creator\project\c6t6_run\c6t6_run\MDK-ARM\c6t6_run.uvprojx
Project File Date:  04/06/2025

<h2>Output:</h2>
*** Using Compiler 'V6.22', folder: 'D:\A__MCU_Creator\Keli\core\ARM\ARMCLANG\Bin'
Build target 'c6t6_run'
compiling main.c...
assembling startup_stm32f103x6.s...
linking...
Program Size: Code=4068 RO-data=312 RW-data=12 ZI-data=1716  
FromELF: creating hex file...
"c6t6_run\c6t6_run.axf" - 0 Error(s), 0 Warning(s).

<h2>Software Packages used:</h2>

Package Vendor: ARM
                https://www.keil.com/pack/ARM.CMSIS.6.1.0.pack
                ARM::CMSIS@6.1.0
                CMSIS (Common Microcontroller Software Interface Standard)
   * Component: CORE Version: 6.1.0

Package Vendor: Keil
                https://www.keil.com/pack/Keil.STM32F1xx_DFP.2.4.1.pack
                Keil::STM32F1xx_DFP@2.4.1
                STMicroelectronics STM32F1 Series Device Support, Drivers and Examples

<h2>Collection of Component include folders:</h2>
  ./RTE/_c6t6_run
  D:/A__MCU_Creator/Keli/pack/ARM/CMSIS/6.1.0/CMSIS/Core/Include
  D:/A__MCU_Creator/Keli/pack/Keil/STM32F1xx_DFP/2.4.1/Device/Include

<h2>Collection of Component Files used:</h2>

   * Component: ARM::CMSIS:CORE@6.1.0
      Include file:  CMSIS/Core/Include/tz_context.h
Build Time Elapsed:  00:00:01
</pre>
</body>
</html>
